Last login: Mon Sep 16 14:35:30 on ttys000
Gitano:~ yadikaryiliya$ cd
Gitano:~ yadikaryiliya$ ls
12			Movies			cybertek
Applications		Music			eclipse
Desktop			Pictures		eclipse-workspace
Documents		Public			git-practice
Downloads		batch			yadikar
Library			batch12.txt
Gitano:~ yadikaryiliya$ clear






































Gitano:~ yadikaryiliya$ pwd
/Users/yadikaryiliya
Gitano:~ yadikaryiliya$ ls
12			Movies			cybertek
Applications		Music			eclipse
Desktop			Pictures		eclipse-workspace
Documents		Public			git-practice
Downloads		batch			yadikar
Library			batch12.txt
Gitano:~ yadikaryiliya$ cd Desktop
Gitano:Desktop yadikaryiliya$ pwd
/Users/yadikaryiliya/Desktop
Gitano:Desktop yadikaryiliya$ pwd
/Users/yadikaryiliya/Desktop
Gitano:Desktop yadikaryiliya$ ls
12		batch		cybertek	untitled folder
633837.jpg	bolta		git-practice
Gitano:Desktop yadikaryiliya$ cd git-practice
Gitano:git-practice yadikaryiliya$ ls
resume.txt
Gitano:git-practice yadikaryiliya$ git add .
Gitano:git-practice yadikaryiliya$ git status
On branch master

No commits yet

Changes to be committed:
  (use "git rm --cached <file>..." to unstage)
	new file:   resume.txt

Untracked files:
  (use "git add <file>..." to include in what will be committed)
	../../.CFUserTextEncoding
	../../.Trash/
	../../.bash_history
	../../.bash_sessions/
	../../.eclipse/
	../../.m2/
	../../.p2/
	../../.tooling/
	../../.webclipse/
	../../12
	../../Applications/
	../.localized
	../12
	../633837.jpg
	../batch
	../bolta/
	../../Documents/
	../../Downloads/
	../../Library/
	../../Movies/
	../../Music/
	../../Pictures/
	../../Public/
	../../batch
	../../batch12.txt
	../../eclipse-workspace/
	../../eclipse/
	../../git-practice/
	../../yadikar/

Gitano:git-practice yadikaryiliya$ git commit -m "first edit"
[master (root-commit) fe5d860] first edit
 Committer: Yadikar Yiliya <yadikaryiliya@Gitano.localdomain>
Your name and email address were configured automatically based
on your username and hostname. Please check that they are accurate.
You can suppress this message by setting them explicitly. Run the
following command and follow the instructions in your editor to edit
your configuration file:

    git config --global --edit

After doing this, you may fix the identity used for this commit with:

    git commit --amend --reset-author

 1 file changed, 1 insertion(+)
 create mode 100644 Desktop/git-practice/resume.txt
Gitano:git-practice yadikaryiliya$ git push
fatal: No configured push destination.
Either specify the URL from the command-line or configure a remote repository using

    git remote add <name> <url>

and then push using the remote name

    git push <name>

Gitano:git-practice yadikaryiliya$ git remote add https://github.com/YadikarY/Yadi.git
usage: git remote add [<options>] <name> <url>

    -f, --fetch           fetch the remote branches
    --tags                import all tags and associated objects when fetching
                          or do not fetch any tag at all (--no-tags)
    -t, --track <branch>  branch(es) to track
    -m, --master <branch>
                          master branch
    --mirror[=(push|fetch)]
                          set up remote as a mirror to push to or fetch from

Gitano:git-practice yadikaryiliya$ git push
fatal: No configured push destination.
Either specify the URL from the command-line or configure a remote repository using

    git remote add <name> <url>

and then push using the remote name

    git push <name>

Gitano:git-practice yadikaryiliya$ git remote add origin https://github.com/YadikarY/Yadi.git
Gitano:git-practice yadikaryiliya$ git push
fatal: The current branch master has no upstream branch.
To push the current branch and set the remote as upstream, use

    git push --set-upstream origin master

Gitano:git-practice yadikaryiliya$ git push -u origin master
Username for 'https://github.com': karyiliya@gmail.com
Password for 'https://karyiliya@gmail.com@github.com': 
Enumerating objects: 5, done.
Counting objects: 100% (5/5), done.
Delta compression using up to 4 threads
Compressing objects: 100% (2/2), done.
Writing objects: 100% (5/5), 369 bytes | 73.00 KiB/s, done.
Total 5 (delta 0), reused 0 (delta 0)
To https://github.com/YadikarY/Yadi.git
 * [new branch]      master -> master
Branch 'master' set up to track remote branch 'master' from 'origin'.
Gitano:git-practice yadikaryiliya$ 
